=~=~=~=~=~=~=~=~=~=~=~= PuTTY log 2017.12.15 12:47:19 =~=~=~=~=~=~=~=~=~=~=~=

##############################################################################
###  UNAUTHORISED ACCESS TO THIS NETWORK DEVICE IS PROHIBITED.             ###
###  You must have explicit permission to access or configure this device. ###
###  All activities performed on this device are logged, and violations    ###
###  of this policy may result in disciplinary action and/or prosecution.  ###
###  Illegal activities will be reported to the appropriate law enforcement### 
###  agencies.                                                             ###
###  There is no right to privacy on this device.                          ###
##############################################################################


User Access Verification

Username: west
Password: 

VI_Switch_COMMS_ROOM#sh run begin 
                             ^
% Invalid input detected at '^' marker.

VI_Switch_COMMS_ROOM#sh unt   int des
Interface                      Status         Protocol Description
Vl1                            up             up       
Vl13                           up             up       
Vl14                           up             up       
Gi0/1                          up             up       Connection to Switch 4 (NEW DC)
Gi0/2                          down           down     InterswitchNG (NEW)
Gi0/3                          down           down     GTB E3 WAN LINK
Gi0/4                          down           down     InterswitchNG
Gi0/5                          down           down     CONNECTION TO INTERWITCH CME2
Gi0/6                          down           down     CRG LINK TO TOTAL_DATA
Gi0/7                          up             up       Interswitch NIBSS Connection
Gi0/8                          down           down     TEST PORT
Gi0/9                          up             up       FIRS AGIDINGBI TO INTERSWITCH 
Gi0/10                         down           down     
Gi0/11                         up             up       Connection to Hygeia HMO Rack @ Datacentre
Gi0/12                         down           down     SAF E3 Link to Access Bank Ligali Ayorinde DC
Gi0/13                         down           down     DIAMOND BANK MGNT
 --More--         
VI_Switch_COMMS_ROOM#sh run pipe br egin Gi0/13
                            ^
% Invalid input detected at '^' marker.

VI_Switch_COMMS_ROOM#41.184.62.3
Trying 41.184.62.3 ... Open
C
##############################################################################
###  UNAUTHORISED ACCESS TO THIS NETWORK DEVICE IS PROHIBITED.             ###
###  You must have explicit permission to access or configure this device. ###
###  All activities performed on this device are logged, and violations    ###
###  of this policy may result in disciplinary action and/or prosecution.  ###
###  Illegal activities will be reported to the appropriate law enforcement###
###  agencies.                                                             ###
###  There is no right to privacy on this device.                          ###
##############################################################################

Enter NETWORKADMIN Parameters: west
Password: 

Lekki2_BST#sh    sh int des
Interface                      Status         Protocol Description
Gi0/0                          up             up       CFIP to HQ
Gi0/1                          up             up       CERAGON LINK TO AJAH BST - DATA
Fa0/3/0                        up             up       CHEVRON COOP, LEKKI(CPE-172.16.73.107;WAN-172.16.73.108)
Fa0/3/1                        up             up       CERAGON LINK TO AJAH BST - MGT
Fa0/3/2                        up             down     UNION BANK OJUMU
Fa0/3/3                        up             down     ELEVATION_CHURCH_JAKANDE (RU: 172.16.81.107)
Vl1                            up             down     
Vl4                            up             down     ELEVATION_CHURCH_JAKANDE
Vl5                            up             down     UNION BANK OJOMU(CPE: 172.16.74.19)
Vl6                            up             up       CERAGON LINK TO AJAH BST - MGT
Vl7                            up             up       CHEVRON COOP, LEKKI(WAN-172.16.73.108) MU- 172.16.73.106, R_T_BRISCOE (WAN - 10.62.1.74, RU - 172.16.73.109)
Vl410                          up             down     
Lo0                            up             up       
Lo4                            up             up       
Lekki2_BST#sh run pipe int Fa0/3/2
               ^
% Invalid input detected at '^' marker.

Lekki2_BST#sh run pipe int Fa0/3/2bint Fa0/3/2eint Fa0/3/2gint Fa0/3/2iint Fa0/3/2nint Fa0/3/2 int Fa0/3/2
               ^
% Invalid input detected at '^' marker.

Lekki2_BST#sh run pipe begin int Fa0/3/2Fa0/3/2 Fa0/3/2 Fa0/3/2 Fa0/3/2 
               ^
% Invalid input detected at '^' marker.

Lekki2_BST#sh run | in xconn
               ^
% Invalid input detected at '^' marker.

Lekki2_BST#sh run | in xconn
               ^
% Invalid input detected at '^' marker.

Lekki2_BST#exi

[Connection to 41.184.62.3 closed by foreign host]
VI_Switch_COMMS_ROOM#41.184.62.3
Trying 41.184.62.3 ... Open
C
##############################################################################
###  UNAUTHORISED ACCESS TO THIS NETWORK DEVICE IS PROHIBITED.             ###
###  You must have explicit permission to access or configure this device. ###
###  All activities performed on this device are logged, and violations    ###
###  of this policy may result in disciplinary action and/or prosecution.  ###
###  Illegal activities will be reported to the appropriate law enforcement###
###  agencies.                                                             ###
###  There is no right to privacy on this device.                          ###
##############################################################################

Enter NETWORKADMIN Parameters: west
Password: 

Lekki2_BST#sh run
               ^
% Invalid input detected at '^' marker.

Lekki2_BST#sh run
               ^
% Invalid input detected at '^' marker.

Lekki2_BST#exi

[Connection to 41.184.62.3 closed by foreign host]
VI_Switch_COMMS_ROOM#41.184.62.7
Trying 41.184.62.7 ... 
% Connection timed out; remote host not responding

VI_Switch_COMMS_ROOM#west
Translating "west"
% Unknown command or computer name, or unable to find computer address
VI_Switch_COMMS_ROOM#41.184.62.7
Trying 41.184.62.7 ... 
% Connection timed out; remote host not responding

VI_Switch_COMMS_ROOM#
##############################################################################
###  UNAUTHORISED ACCESS TO THIS NETWORK DEVICE IS PROHIBITED.             ###
###  You must have explicit permission to access or configure this device. ###
###  All activities performed on this device are logged, and violations    ###
###  of this policy may result in disciplinary action and/or prosecution.  ###
###  Illegal activities will be reported to the appropriate law enforcement### 
###  agencies.                                                             ###
###  There is no right to privacy on this device.                          ###
##############################################################################

Username: west
Password: 

VI_Switch_COMMS_ROOM#1/.163      10.163.34.142
Trying 10.163.34.142 ... 
% Connection timed out; remote host not responding

VI_Switch_COMMS_ROOM#west
Translating "west"
% Unknown command or computer name, or unable to find computer address
VI_Switch_COMMS_ROOM#corenetwork
Translating "corenetwork"
% Unknown command or computer name, or unable to find computer address
VI_Switch_COMMS_ROOM#^C  62.173.34.142
Trying 62.173.34.142 ... Open

##############################################################################
###  UNAUTHORISED ACCESS TO THIS NETWORK DEVICE IS PROHIBITED.             ###
###  You must have explicit permission to access or configure this device. ###
###  All activities performed on this device are logged, and violations    ###
###  of this policy may result in disciplinary action and/or prosecution.  ###
###  Illegal activities will be reported to the appropriate law enforcement### 
###  agencies.                                                             ###
###  There is no right to privacy on this device.                          ###
##############################################################################


User Access Verification

Username: wesy t
Password: 

HQ-PE-01#sh xconn all
Legend:    XC ST=Xconnect State  S1=Segment1 State  S2=Segment2 State
  UP=Up       DN=Down            AD=Admin Down      IA=Inactive
  SB=Standby  HS=Hot Standby     RV=Recovering      NH=No Hardware

XC ST  Segment 1                         S1 Segment 2                         S2
------+---------------------------------+--+---------------------------------+--
UP     ac   Gi5/0/4.962:962(Eth VLAN)    UP mpls 41.184.34.76:962             UP
UP     ac   Gi5/0/4.1061:1061(Eth VLAN)  UP mpls 41.184.34.76:1061            UP
UP     ac   Gi5/0/4.1074:1074(Eth VLAN)  UP mpls 41.184.34.76:1074            UP
UP     ac   Gi5/0/4.1075:1075(Eth VLAN)  UP mpls 41.184.34.76:1075            UP
UP     ac   Gi5/0/4.1076:1076(Eth VLAN)  UP mpls 41.184.34.76:1076            UP
UP     ac   Gi5/0/4.1077:1077(Eth VLAN)  UP mpls 41.184.34.76:1077            UP
UP     ac   Gi5/0/4.1079:1079(Eth VLAN)  UP mpls 41.184.34.76:1079            UP
UP     ac   Gi5/0/4.1081:1081(Eth VLAN)  UP mpls 41.184.34.76:1081            UP
UP     ac   Gi5/0/4.1082:1082(Eth VLAN)  UP mpls 41.184.34.76:1082            UP
UP     ac   Gi5/0/4.1083:1083(Eth VLAN)  UP mpls 41.184.34.76:1083            UP
UP     ac   Gi5/0/4.1084:1084(Eth VLAN)  UP mpls 41.184.34.76:1084            UP
UP     ac   Gi5/0/1.497:497(Eth VLAN)    UP mpls 41.184.62.1:497              UP
UP     ac   Gi5/0/2.70:70(Eth VLAN)      UP mpls 41.184.62.23:70              UP
UP     ac   Gi5/0/1.472:472(Eth VLAN)    UP mpls 41.184.62.23:472             UP
UP     ac   Gi5/0/2.510:510(Eth VLAN)    UP mpls 41.184.62.23:510             UP
UP     ac   Gi5/0/2.511:511(Eth VLAN)    UP mpls 41.184.62.23:511             UP
 --More--         UP     ac   Gi5/0/2.512:512(Eth VLAN)    UP mpls 41.184.62.23:512             UP
UP     ac   Gi5/0/2.513:513(Eth VLAN)    UP mpls 41.184.62.23:513             UP
UP     ac   Gi5/0/2.514:514(Eth VLAN)    UP mpls 41.184.62.23:514             UP
UP     ac   Gi5/0/2.515:515(Eth VLAN)    UP mpls 41.184.62.23:515             UP
UP     ac   Gi5/0/2.516:516(Eth VLAN)    UP mpls 41.184.62.23:516             UP
UP     ac   Gi5/0/2.522:522(Eth VLAN)    UP mpls 41.184.62.23:522             UP
UP     ac   Gi5/0/2.523:523(Eth VLAN)    UP mpls 41.184.62.23:523             UP
UP     ac   Gi5/0/2.524:524(Eth VLAN)    UP mpls 41.184.62.23:524             UP
UP     ac   Gi5/0/2.525:525(Eth VLAN)    UP mpls 41.184.62.23:525             UP
UP     ac   Gi5/0/2.526:526(Eth VLAN)    UP mpls 41.184.62.23:526             UP
UP     ac   Gi5/0/2.527:527(Eth VLAN)    UP mpls 41.184.62.23:527             UP
UP     ac   Gi5/0/2.528:528(Eth VLAN)    UP mpls 41.184.62.23:528             UP
UP     ac   Gi5/0/4.896:896(Eth VLAN)    UP mpls 41.184.62.23:896             UP
DN     ac   Gi5/0/4.39:39(Eth VLAN)      UP mpls 41.184.62.24:39              DN
DN     ac   Gi5/1/1.911:911(Eth VLAN)    UP mpls 41.184.62.24:911             DN
UP     ac   Gi5/0/4.898:898(Eth VLAN)    UP mpls 41.184.62.26:898             UP
DN     ac   Gi5/0/2.11:50(Eth VLAN)      UP mpls 41.184.95.129:11             DN
DN     ac   Gi5/0/3.39:39(Eth VLAN)      UP mpls 41.184.95.129:39             DN
UP     ac   Gi5/0/3.70:70(Eth VLAN)      UP mpls 41.184.95.129:70             UP
UP     ac   Gi5/0/1.375:375(Eth VLAN)    UP mpls 41.184.95.129:375            UP
UP     ac   Gi5/0/1.376:376(Eth VLAN)    UP mpls 41.184.95.129:376            UP
UP     ac   Gi5/0/3.510:510(Eth VLAN)    UP mpls 41.184.95.129:510            UP
UP     ac   Gi5/0/3.511:511(Eth VLAN)    UP mpls 41.184.95.129:511            UP
 --More--         UP     ac   Gi5/0/3.512:512(Eth VLAN)    UP mpls 41.184.95.129:512            UP
UP     ac   Gi5/0/3.513:513(Eth VLAN)    UP mpls 41.184.95.129:513            UP
UP     ac   Gi5/0/3.514:514(Eth VLAN)    UP mpls 41.184.95.129:514            UP
UP     ac   Gi5/0/3.515:515(Eth VLAN)    UP mpls 41.184.95.129:515            UP
UP     ac   Gi5/0/3.522:522(Eth VLAN)    UP mpls 41.184.95.129:522            UP
UP     ac   Gi5/0/3.523:523(Eth VLAN)    UP mpls 41.184.95.129:523            UP
UP     ac   Gi5/0/3.524:524(Eth VLAN)    UP mpls 41.184.95.129:524            UP
UP     ac   Gi5/0/3.525:525(Eth VLAN)    UP mpls 41.184.95.129:525            UP
UP     ac   Gi5/0/3.526:526(Eth VLAN)    UP mpls 41.184.95.129:526            UP
UP     ac   Gi5/0/3.527:527(Eth VLAN)    UP mpls 41.184.95.129:527            UP
UP     ac   Gi5/0/3.528:528(Eth VLAN)    UP mpls 41.184.95.129:528            UP
DN     ac   Gi5/0/4.70:70(Eth VLAN)      UP mpls 62.173.34.130:70             DN
DN     ac   Gi5/0/4.510:510(Eth VLAN)    UP mpls 62.173.34.130:510            DN
DN     ac   Gi5/0/4.511:511(Eth VLAN)    UP mpls 62.173.34.130:511            DN
DN     ac   Gi5/0/4.512:512(Eth VLAN)    UP mpls 62.173.34.130:512            DN
DN     ac   Gi5/0/4.513:513(Eth VLAN)    UP mpls 62.173.34.130:513            DN
DN     ac   Gi5/0/4.514:514(Eth VLAN)    UP mpls 62.173.34.130:514            DN
DN     ac   Gi5/0/4.515:515(Eth VLAN)    UP mpls 62.173.34.130:515            DN
DN     ac   Gi5/0/4.522:522(Eth VLAN)    UP mpls 62.173.34.130:522            DN
DN     ac   Gi5/0/4.523:523(Eth VLAN)    UP mpls 62.173.34.130:523            DN
DN     ac   Gi5/0/4.524:524(Eth VLAN)    UP mpls 62.173.34.130:524            DN
DN     ac   Gi5/0/4.525:525(Eth VLAN)    UP mpls 62.173.34.130:525            DN
UP     ac   Gi1/40(Ethernet)             UP mpls 62.173.34.131:13             UP
 --More--         DN     ac   Gi5/0/1.31:31(Eth VLAN)      UP mpls 62.173.34.131:31             DN
UP     ac   Gi5/0/4.193:193(Eth VLAN)    UP mpls 62.173.34.131:193            UP
DN     ac   Gi5/0/4.912:912(Eth VLAN)    UP mpls 62.173.34.131:912            DN
UP     ac   Gi5/1/1.913:913(Eth VLAN)    UP mpls 62.173.34.131:913            UP
DN     ac   Gi5/0/4.914:914(Eth VLAN)    UP mpls 62.173.34.131:914            DN
UP     ac   Gi5/1/1.915:915(Eth VLAN)    UP mpls 62.173.34.132:915            UP
DN     ac   Gi5/0/4.916:916(Eth VLAN)    UP mpls 62.173.34.132:916            DN
DN     ac   Gi5/0/2.39:39(Eth VLAN)      UP mpls 62.173.34.135:39             DN
UP     ac   Gi2/1.70:70(Eth VLAN)        UP mpls 62.173.34.136:70             UP
UP     ac   Gi6/2.236:236(Eth VLAN)      UP mpls 62.173.34.136:236            UP
UP     ac   Gi2/1.510:510(Eth VLAN)      UP mpls 62.173.34.136:510            UP
UP     ac   Gi2/1.511:511(Eth VLAN)      UP mpls 62.173.34.136:511            UP
UP     ac   Gi2/1.522:522(Eth VLAN)      UP mpls 62.173.34.136:522            UP
DN     ac   Gi5/0/4.661:661(Eth VLAN)    UP mpls 62.173.34.141:661            DN
UP     ac   Gi2/29(Ethernet)             UP mpls 62.173.34.145:12             UP
UP     ac   Gi6/2.48:48(Eth VLAN)        UP mpls 62.173.34.145:25             UP
UP     ac   Gi6/2.155:155(Eth VLAN)      UP mpls 62.173.34.145:36             UP
UP     ac   Gi6/2.150:150(Eth VLAN)      UP mpls 62.173.34.145:39             UP
UP     ac   Gi6/2.104:104(Eth VLAN)      UP mpls 62.173.34.145:104            UP
UP     ac   Gi6/2.79:79(Eth VLAN)        UP mpls 62.173.34.145:136            UP
UP     ac   Gi6/2.153:153(Eth VLAN)      UP mpls 62.173.34.145:153            UP
UP     ac   Gi6/2.154:154(Eth VLAN)      UP mpls 62.173.34.145:180            UP
UP     ac   Gi6/2.185:185(Eth VLAN)      UP mpls 62.173.34.145:185            UP
 --More--         UP     ac   Gi6/2.188:188(Eth VLAN)      UP mpls 62.173.34.145:188            UP
UP     ac   Gi5/0/4.147:147(Eth VLAN)    UP mpls 62.173.34.229:147            UP
UP     ac   Gi5/0/4.730:730(Eth VLAN)    UP mpls 62.173.34.229:730            UP
UP     ac   Gi5/0/4.408:408(Eth VLAN)    UP mpls 62.173.34.230:408            UP
UP     ac   Gi5/0/4.409:409(Eth VLAN)    UP mpls 62.173.34.230:409            UP
UP     ac   Gi5/0/4.410:410(Eth VLAN)    UP mpls 62.173.34.230:410            UP
UP     ac   Gi5/0/4.420:420(Eth VLAN)    UP mpls 62.173.34.230:420            UP
UP     ac   Gi5/0/4.422:422(Eth VLAN)    UP mpls 62.173.34.230:422            UP
UP     ac   Gi5/0/4.650:650(Eth VLAN)    UP mpls 62.173.34.230:650            UP
UP     ac   Gi5/0/4.652:652(Eth VLAN)    UP mpls 62.173.34.230:652            UP
UP     ac   Gi5/0/4.653:653(Eth VLAN)    UP mpls 62.173.34.230:653            UP
DN     ac   Gi5/0/4.654:654(Eth VLAN)    UP mpls 62.173.34.230:654            DN
UP     ac   Gi5/0/4.655:655(Eth VLAN)    UP mpls 62.173.34.230:655            UP
UP     ac   Gi5/0/4.656:656(Eth VLAN)    UP mpls 62.173.34.230:656            UP
UP     ac   Gi5/0/4.657:657(Eth VLAN)    UP mpls 62.173.34.230:657            UP
UP     ac   Gi5/0/4.658:658(Eth VLAN)    UP mpls 62.173.34.230:658            UP
UP     ac   Gi5/0/4.659:659(Eth VLAN)    UP mpls 62.173.34.230:659            UP
UP     ac   Gi5/0/4.664:664(Eth VLAN)    UP mpls 62.173.34.230:664            UP
UP     ac   Gi5/0/4.666:666(Eth VLAN)    UP mpls 62.173.34.230:666            UP
UP     ac   Gi5/0/4.668:668(Eth VLAN)    UP mpls 62.173.34.230:668            UP
UP     ac   Gi5/0/4.670:670(Eth VLAN)    UP mpls 62.173.34.230:670            UP
UP     ac   Gi5/0/4.671:671(Eth VLAN)    UP mpls 62.173.34.230:671            UP
UP     ac   Gi5/0/4.673:673(Eth VLAN)    UP mpls 62.173.34.230:673            UP
 --More--         UP     ac   Gi5/0/4.922:922(Eth VLAN)    UP mpls 62.173.34.230:922            UP
UP     ac   Gi5/0/4.945:945(Eth VLAN)    UP mpls 62.173.34.230:945            UP
UP     ac   Gi5/0/4.4000:4000(Eth VLAN)  UP mpls 62.173.34.230:4000           UP
UP     ac   Gi5/0/4.4001:4001(Eth VLAN)  UP mpls 62.173.34.230:4001           UP
UP     ac   Gi5/0/1.501:501(Eth VLAN)    UP mpls 62.173.35.234:501            UP
DN     ac   Gi5/0/0.514:514(Eth VLAN)    UP mpls 62.173.35.249:514            DN
UP     ac   Gi6/2.95:95(Eth VLAN)        UP mpls 62.173.35.251:95             UP
UP     ac   Gi5/0/4.97:97(Eth VLAN)      UP mpls 62.173.35.251:97             UP
UP     ac   Gi6/2.159:159(Eth VLAN)      UP mpls 62.173.35.251:159            UP
UP     ac   Gi5/0/4.170:170(Eth VLAN)    UP mpls 62.173.35.251:170            UP
DN     ac   Gi5/0/2.12:12(Eth VLAN)      UP mpls 62.173.35.254:12             DN
HQ-PE-01# 